2025-07-15 04:08:02.732 | INFO     | app.users.router:sign_up:31 - creating user.....
2025-07-15 04:08:02.732 | INFO     | app.users.router:sign_up:31 - creating user.....
2025-07-15 04:08:02.732 | INFO     | app.users.router:sign_up:31 - creating user.....
2025-07-15 04:08:02.732 | INFO     | app.users.router:sign_up:31 - creating user.....
2025-07-15 04:08:02.732 | INFO     | app.users.router:sign_up:31 - creating user.....
2025-07-15 04:08:03.083 | INFO     | app.users.router:sign_up:47 - user created successfully: pethelee33
2025-07-15 04:08:03.083 | INFO     | app.users.router:sign_up:47 - user created successfully: pethelee33
2025-07-15 04:08:03.083 | INFO     | app.users.router:sign_up:47 - user created successfully: pethelee33
2025-07-15 04:08:03.083 | INFO     | app.users.router:sign_up:47 - user created successfully: pethelee33
2025-07-15 04:08:03.083 | INFO     | app.users.router:sign_up:47 - user created successfully: pethelee33
2025-07-15 04:09:21.238 | INFO     | app.users.router:sign_up:31 - creating user.....
2025-07-15 04:09:21.238 | INFO     | app.users.router:sign_up:31 - creating user.....
2025-07-15 04:09:21.238 | INFO     | app.users.router:sign_up:31 - creating user.....
2025-07-15 04:09:21.238 | INFO     | app.users.router:sign_up:31 - creating user.....
2025-07-15 04:09:21.238 | INFO     | app.users.router:sign_up:31 - creating user.....
2025-07-15 04:09:21.240 | WARNING  | app.users.router:sign_up:35 - user trying to register but username entered already exist: pethelee33
2025-07-15 04:09:21.240 | WARNING  | app.users.router:sign_up:35 - user trying to register but username entered already exist: pethelee33
2025-07-15 04:09:21.240 | WARNING  | app.users.router:sign_up:35 - user trying to register but username entered already exist: pethelee33
2025-07-15 04:09:21.240 | WARNING  | app.users.router:sign_up:35 - user trying to register but username entered already exist: pethelee33
2025-07-15 04:09:21.240 | WARNING  | app.users.router:sign_up:35 - user trying to register but username entered already exist: pethelee33
2025-07-15 04:09:23.154 | INFO     | app.users.router:sign_up:31 - creating user.....
2025-07-15 04:09:23.154 | INFO     | app.users.router:sign_up:31 - creating user.....
2025-07-15 04:09:23.154 | INFO     | app.users.router:sign_up:31 - creating user.....
2025-07-15 04:09:23.154 | INFO     | app.users.router:sign_up:31 - creating user.....
2025-07-15 04:09:23.154 | INFO     | app.users.router:sign_up:31 - creating user.....
2025-07-15 04:09:23.156 | WARNING  | app.users.router:sign_up:35 - user trying to register but username entered already exist: pethelee33
2025-07-15 04:09:23.156 | WARNING  | app.users.router:sign_up:35 - user trying to register but username entered already exist: pethelee33
2025-07-15 04:09:23.156 | WARNING  | app.users.router:sign_up:35 - user trying to register but username entered already exist: pethelee33
2025-07-15 04:09:23.156 | WARNING  | app.users.router:sign_up:35 - user trying to register but username entered already exist: pethelee33
2025-07-15 04:09:23.156 | WARNING  | app.users.router:sign_up:35 - user trying to register but username entered already exist: pethelee33
2025-07-15 04:09:25.709 | INFO     | app.users.router:sign_up:31 - creating user.....
2025-07-15 04:09:25.709 | INFO     | app.users.router:sign_up:31 - creating user.....
2025-07-15 04:09:25.709 | INFO     | app.users.router:sign_up:31 - creating user.....
2025-07-15 04:09:25.709 | INFO     | app.users.router:sign_up:31 - creating user.....
2025-07-15 04:09:25.709 | INFO     | app.users.router:sign_up:31 - creating user.....
2025-07-15 04:09:25.712 | WARNING  | app.users.router:sign_up:35 - user trying to register but username entered already exist: pethelee33
2025-07-15 04:09:25.712 | WARNING  | app.users.router:sign_up:35 - user trying to register but username entered already exist: pethelee33
2025-07-15 04:09:25.712 | WARNING  | app.users.router:sign_up:35 - user trying to register but username entered already exist: pethelee33
2025-07-15 04:09:25.712 | WARNING  | app.users.router:sign_up:35 - user trying to register but username entered already exist: pethelee33
2025-07-15 04:09:25.712 | WARNING  | app.users.router:sign_up:35 - user trying to register but username entered already exist: pethelee33
2025-07-15 04:09:26.621 | INFO     | app.users.router:sign_up:31 - creating user.....
2025-07-15 04:09:26.621 | INFO     | app.users.router:sign_up:31 - creating user.....
2025-07-15 04:09:26.621 | INFO     | app.users.router:sign_up:31 - creating user.....
2025-07-15 04:09:26.621 | INFO     | app.users.router:sign_up:31 - creating user.....
2025-07-15 04:09:26.621 | INFO     | app.users.router:sign_up:31 - creating user.....
2025-07-15 04:09:26.623 | WARNING  | app.users.router:sign_up:35 - user trying to register but username entered already exist: pethelee33
2025-07-15 04:09:26.623 | WARNING  | app.users.router:sign_up:35 - user trying to register but username entered already exist: pethelee33
2025-07-15 04:09:26.623 | WARNING  | app.users.router:sign_up:35 - user trying to register but username entered already exist: pethelee33
2025-07-15 04:09:26.623 | WARNING  | app.users.router:sign_up:35 - user trying to register but username entered already exist: pethelee33
2025-07-15 04:09:26.623 | WARNING  | app.users.router:sign_up:35 - user trying to register but username entered already exist: pethelee33
2025-07-15 04:10:08.369 | INFO     | app.users.router:sign_up:31 - creating user.....
2025-07-15 04:10:08.369 | INFO     | app.users.router:sign_up:31 - creating user.....
2025-07-15 04:10:08.369 | INFO     | app.users.router:sign_up:31 - creating user.....
2025-07-15 04:10:08.369 | INFO     | app.users.router:sign_up:31 - creating user.....
2025-07-15 04:10:08.369 | INFO     | app.users.router:sign_up:31 - creating user.....
2025-07-15 04:10:08.704 | INFO     | app.users.router:sign_up:47 - user created successfully: user
2025-07-15 04:10:08.704 | INFO     | app.users.router:sign_up:47 - user created successfully: user
2025-07-15 04:10:08.704 | INFO     | app.users.router:sign_up:47 - user created successfully: user
2025-07-15 04:10:08.704 | INFO     | app.users.router:sign_up:47 - user created successfully: user
2025-07-15 04:10:08.704 | INFO     | app.users.router:sign_up:47 - user created successfully: user
2025-07-15 04:11:53.019 | INFO     | app.users.router:login:66 - ✅ User authenticated: user
2025-07-15 04:11:53.019 | INFO     | app.users.router:login:66 - ✅ User authenticated: user
2025-07-15 04:11:53.019 | INFO     | app.users.router:login:66 - ✅ User authenticated: user
2025-07-15 04:11:53.019 | INFO     | app.users.router:login:66 - ✅ User authenticated: user
2025-07-15 04:11:53.019 | INFO     | app.users.router:login:66 - ✅ User authenticated: user
2025-07-15 04:12:19.828 | INFO     | app.users.router:sign_up:31 - creating user.....
2025-07-15 04:12:19.828 | INFO     | app.users.router:sign_up:31 - creating user.....
2025-07-15 04:12:19.828 | INFO     | app.users.router:sign_up:31 - creating user.....
2025-07-15 04:12:19.828 | INFO     | app.users.router:sign_up:31 - creating user.....
2025-07-15 04:12:19.828 | INFO     | app.users.router:sign_up:31 - creating user.....
2025-07-15 04:12:20.133 | INFO     | app.users.router:sign_up:47 - user created successfully: users
2025-07-15 04:12:20.133 | INFO     | app.users.router:sign_up:47 - user created successfully: users
2025-07-15 04:12:20.133 | INFO     | app.users.router:sign_up:47 - user created successfully: users
2025-07-15 04:12:20.133 | INFO     | app.users.router:sign_up:47 - user created successfully: users
2025-07-15 04:12:20.133 | INFO     | app.users.router:sign_up:47 - user created successfully: users
2025-07-15 04:12:54.186 | INFO     | app.users.router:login:66 - ✅ User authenticated: users
2025-07-15 04:12:54.186 | INFO     | app.users.router:login:66 - ✅ User authenticated: users
2025-07-15 04:12:54.186 | INFO     | app.users.router:login:66 - ✅ User authenticated: users
2025-07-15 04:12:54.186 | INFO     | app.users.router:login:66 - ✅ User authenticated: users
2025-07-15 04:12:54.186 | INFO     | app.users.router:login:66 - ✅ User authenticated: users
2025-07-15 04:21:08.138 | INFO     | app.users.router:sign_up:31 - creating user.....
2025-07-15 04:21:08.138 | INFO     | app.users.router:sign_up:31 - creating user.....
2025-07-15 04:21:08.138 | INFO     | app.users.router:sign_up:31 - creating user.....
2025-07-15 04:21:08.138 | INFO     | app.users.router:sign_up:31 - creating user.....
2025-07-15 04:21:08.138 | INFO     | app.users.router:sign_up:31 - creating user.....
2025-07-15 04:21:08.431 | INFO     | app.users.router:sign_up:47 - user created successfully: userss
2025-07-15 04:21:08.431 | INFO     | app.users.router:sign_up:47 - user created successfully: userss
2025-07-15 04:21:08.431 | INFO     | app.users.router:sign_up:47 - user created successfully: userss
2025-07-15 04:21:08.431 | INFO     | app.users.router:sign_up:47 - user created successfully: userss
2025-07-15 04:21:08.431 | INFO     | app.users.router:sign_up:47 - user created successfully: userss
2025-07-15 04:50:29.491 | INFO     | app.users.router:sign_up:31 - creating user.....
2025-07-15 04:50:29.491 | INFO     | app.users.router:sign_up:31 - creating user.....
2025-07-15 04:50:29.491 | INFO     | app.users.router:sign_up:31 - creating user.....
2025-07-15 04:50:29.491 | INFO     | app.users.router:sign_up:31 - creating user.....
2025-07-15 04:50:29.491 | INFO     | app.users.router:sign_up:31 - creating user.....
2025-07-15 04:50:29.821 | INFO     | app.users.router:sign_up:47 - user created successfully: usersss
2025-07-15 04:50:29.821 | INFO     | app.users.router:sign_up:47 - user created successfully: usersss
2025-07-15 04:50:29.821 | INFO     | app.users.router:sign_up:47 - user created successfully: usersss
2025-07-15 04:50:29.821 | INFO     | app.users.router:sign_up:47 - user created successfully: usersss
2025-07-15 04:50:29.821 | INFO     | app.users.router:sign_up:47 - user created successfully: usersss
2025-07-15 04:58:24.208 | INFO     | app.users.router:sign_up:31 - creating user.....
2025-07-15 04:58:24.208 | INFO     | app.users.router:sign_up:31 - creating user.....
2025-07-15 04:58:24.208 | INFO     | app.users.router:sign_up:31 - creating user.....
2025-07-15 04:58:24.208 | INFO     | app.users.router:sign_up:31 - creating user.....
2025-07-15 04:58:24.208 | INFO     | app.users.router:sign_up:31 - creating user.....
2025-07-15 04:58:24.539 | INFO     | app.users.router:sign_up:47 - user created successfully: user1
2025-07-15 04:58:24.539 | INFO     | app.users.router:sign_up:47 - user created successfully: user1
2025-07-15 04:58:24.539 | INFO     | app.users.router:sign_up:47 - user created successfully: user1
2025-07-15 04:58:24.539 | INFO     | app.users.router:sign_up:47 - user created successfully: user1
2025-07-15 04:58:24.539 | INFO     | app.users.router:sign_up:47 - user created successfully: user1
2025-07-16 10:34:59.386 | INFO     | app.users.router:sign_up:31 - creating user.....
2025-07-16 10:34:59.386 | INFO     | app.users.router:sign_up:31 - creating user.....
2025-07-16 10:34:59.386 | INFO     | app.users.router:sign_up:31 - creating user.....
2025-07-16 10:34:59.386 | INFO     | app.users.router:sign_up:31 - creating user.....
2025-07-16 10:34:59.386 | INFO     | app.users.router:sign_up:31 - creating user.....
2025-07-16 10:35:00.169 | INFO     | app.users.router:sign_up:47 - user created successfully: peace
2025-07-16 10:35:00.169 | INFO     | app.users.router:sign_up:47 - user created successfully: peace
2025-07-16 10:35:00.169 | INFO     | app.users.router:sign_up:47 - user created successfully: peace
2025-07-16 10:35:00.169 | INFO     | app.users.router:sign_up:47 - user created successfully: peace
2025-07-16 10:35:00.169 | INFO     | app.users.router:sign_up:47 - user created successfully: peace
2025-07-16 10:52:34.929 | WARNING  | app.users.router:login:60 - Authentication denied for username: peace2
2025-07-16 10:52:34.929 | WARNING  | app.users.router:login:60 - Authentication denied for username: peace2
2025-07-16 10:52:34.929 | WARNING  | app.users.router:login:60 - Authentication denied for username: peace2
2025-07-16 10:52:34.929 | WARNING  | app.users.router:login:60 - Authentication denied for username: peace2
2025-07-16 10:52:34.929 | WARNING  | app.users.router:login:60 - Authentication denied for username: peace2
2025-07-16 10:52:52.108 | INFO     | app.users.router:login:66 - ✅ User authenticated: peace
2025-07-16 10:52:52.108 | INFO     | app.users.router:login:66 - ✅ User authenticated: peace
2025-07-16 10:52:52.108 | INFO     | app.users.router:login:66 - ✅ User authenticated: peace
2025-07-16 10:52:52.108 | INFO     | app.users.router:login:66 - ✅ User authenticated: peace
2025-07-16 10:52:52.108 | INFO     | app.users.router:login:66 - ✅ User authenticated: peace
2025-07-16 10:53:25.905 | INFO     | app.users.router:login:66 - ✅ User authenticated: peace
2025-07-16 10:53:25.905 | INFO     | app.users.router:login:66 - ✅ User authenticated: peace
2025-07-16 10:53:25.905 | INFO     | app.users.router:login:66 - ✅ User authenticated: peace
2025-07-16 10:53:25.905 | INFO     | app.users.router:login:66 - ✅ User authenticated: peace
2025-07-16 10:53:25.905 | INFO     | app.users.router:login:66 - ✅ User authenticated: peace
2025-07-16 12:04:15.774 | INFO     | app.users.router:sign_up:31 - creating user.....
2025-07-16 12:04:15.774 | INFO     | app.users.router:sign_up:31 - creating user.....
2025-07-16 12:04:15.774 | INFO     | app.users.router:sign_up:31 - creating user.....
2025-07-16 12:04:15.774 | INFO     | app.users.router:sign_up:31 - creating user.....
2025-07-16 12:04:15.774 | INFO     | app.users.router:sign_up:31 - creating user.....
2025-07-16 12:04:16.121 | INFO     | app.users.router:sign_up:47 - user created successfully: omo
2025-07-16 12:04:16.121 | INFO     | app.users.router:sign_up:47 - user created successfully: omo
2025-07-16 12:04:16.121 | INFO     | app.users.router:sign_up:47 - user created successfully: omo
2025-07-16 12:04:16.121 | INFO     | app.users.router:sign_up:47 - user created successfully: omo
2025-07-16 12:04:16.121 | INFO     | app.users.router:sign_up:47 - user created successfully: omo
2025-07-16 12:34:36.787 | INFO     | app.users.router:sign_up:31 - creating user.....
2025-07-16 12:34:36.787 | INFO     | app.users.router:sign_up:31 - creating user.....
2025-07-16 12:34:36.787 | INFO     | app.users.router:sign_up:31 - creating user.....
2025-07-16 12:34:36.787 | INFO     | app.users.router:sign_up:31 - creating user.....
2025-07-16 12:34:36.787 | INFO     | app.users.router:sign_up:31 - creating user.....
2025-07-16 12:34:37.120 | INFO     | app.users.router:sign_up:47 - user created successfully: james
2025-07-16 12:34:37.120 | INFO     | app.users.router:sign_up:47 - user created successfully: james
2025-07-16 12:34:37.120 | INFO     | app.users.router:sign_up:47 - user created successfully: james
2025-07-16 12:34:37.120 | INFO     | app.users.router:sign_up:47 - user created successfully: james
2025-07-16 12:34:37.120 | INFO     | app.users.router:sign_up:47 - user created successfully: james
2025-07-16 13:15:21.328 | WARNING  | app.users.router:login:60 - Authentication denied for username: james
2025-07-16 13:15:21.328 | WARNING  | app.users.router:login:60 - Authentication denied for username: james
2025-07-16 13:15:21.328 | WARNING  | app.users.router:login:60 - Authentication denied for username: james
2025-07-16 13:15:21.328 | WARNING  | app.users.router:login:60 - Authentication denied for username: james
2025-07-16 13:15:21.328 | WARNING  | app.users.router:login:60 - Authentication denied for username: james
2025-07-16 13:15:46.726 | INFO     | app.users.router:sign_up:31 - creating user.....
2025-07-16 13:15:46.726 | INFO     | app.users.router:sign_up:31 - creating user.....
2025-07-16 13:15:46.726 | INFO     | app.users.router:sign_up:31 - creating user.....
2025-07-16 13:15:46.726 | INFO     | app.users.router:sign_up:31 - creating user.....
2025-07-16 13:15:46.726 | INFO     | app.users.router:sign_up:31 - creating user.....
2025-07-16 13:15:47.009 | INFO     | app.users.router:sign_up:47 - user created successfully: jammy
2025-07-16 13:15:47.009 | INFO     | app.users.router:sign_up:47 - user created successfully: jammy
2025-07-16 13:15:47.009 | INFO     | app.users.router:sign_up:47 - user created successfully: jammy
2025-07-16 13:15:47.009 | INFO     | app.users.router:sign_up:47 - user created successfully: jammy
2025-07-16 13:15:47.009 | INFO     | app.users.router:sign_up:47 - user created successfully: jammy
2025-07-16 13:16:59.379 | INFO     | app.users.router:login:66 - ✅ User authenticated: jammy
2025-07-16 13:16:59.379 | INFO     | app.users.router:login:66 - ✅ User authenticated: jammy
2025-07-16 13:16:59.379 | INFO     | app.users.router:login:66 - ✅ User authenticated: jammy
2025-07-16 13:16:59.379 | INFO     | app.users.router:login:66 - ✅ User authenticated: jammy
2025-07-16 13:16:59.379 | INFO     | app.users.router:login:66 - ✅ User authenticated: jammy
2025-07-16 13:23:00.308 | INFO     | app.users.router:list_all_users:83 - Fetching list of users
2025-07-16 13:23:00.308 | INFO     | app.users.router:list_all_users:83 - Fetching list of users
2025-07-16 13:23:00.308 | INFO     | app.users.router:list_all_users:83 - Fetching list of users
2025-07-16 13:23:00.308 | INFO     | app.users.router:list_all_users:83 - Fetching list of users
2025-07-16 13:23:00.308 | INFO     | app.users.router:list_all_users:83 - Fetching list of users
2025-07-16 13:23:55.371 | INFO     | app.rooms.router:create_room:58 - Room creation request received. User: jammy, Role: admin
2025-07-16 13:23:55.371 | INFO     | app.rooms.router:create_room:58 - Room creation request received. User: jammy, Role: admin
2025-07-16 13:23:55.371 | INFO     | app.rooms.router:create_room:58 - Room creation request received. User: jammy, Role: admin
2025-07-16 13:23:55.371 | INFO     | app.rooms.router:create_room:58 - Room creation request received. User: jammy, Role: admin
2025-07-16 13:23:55.371 | INFO     | app.rooms.router:create_room:58 - Room creation request received. User: jammy, Role: admin
2025-07-16 13:23:55.377 | INFO     | app.rooms.router:create_room:76 - Creating a new room: A1
2025-07-16 13:23:55.377 | INFO     | app.rooms.router:create_room:76 - Creating a new room: A1
2025-07-16 13:23:55.377 | INFO     | app.rooms.router:create_room:76 - Creating a new room: A1
2025-07-16 13:23:55.377 | INFO     | app.rooms.router:create_room:76 - Creating a new room: A1
2025-07-16 13:23:55.377 | INFO     | app.rooms.router:create_room:76 - Creating a new room: A1
2025-07-16 13:24:08.870 | INFO     | app.rooms.router:create_room:58 - Room creation request received. User: jammy, Role: admin
2025-07-16 13:24:08.870 | INFO     | app.rooms.router:create_room:58 - Room creation request received. User: jammy, Role: admin
2025-07-16 13:24:08.870 | INFO     | app.rooms.router:create_room:58 - Room creation request received. User: jammy, Role: admin
2025-07-16 13:24:08.870 | INFO     | app.rooms.router:create_room:58 - Room creation request received. User: jammy, Role: admin
2025-07-16 13:24:08.870 | INFO     | app.rooms.router:create_room:58 - Room creation request received. User: jammy, Role: admin
2025-07-16 13:24:08.872 | INFO     | app.rooms.router:create_room:76 - Creating a new room: A2
2025-07-16 13:24:08.872 | INFO     | app.rooms.router:create_room:76 - Creating a new room: A2
2025-07-16 13:24:08.872 | INFO     | app.rooms.router:create_room:76 - Creating a new room: A2
2025-07-16 13:24:08.872 | INFO     | app.rooms.router:create_room:76 - Creating a new room: A2
2025-07-16 13:24:08.872 | INFO     | app.rooms.router:create_room:76 - Creating a new room: A2
2025-07-16 13:24:14.399 | INFO     | app.rooms.router:create_room:58 - Room creation request received. User: jammy, Role: admin
2025-07-16 13:24:14.399 | INFO     | app.rooms.router:create_room:58 - Room creation request received. User: jammy, Role: admin
2025-07-16 13:24:14.399 | INFO     | app.rooms.router:create_room:58 - Room creation request received. User: jammy, Role: admin
2025-07-16 13:24:14.399 | INFO     | app.rooms.router:create_room:58 - Room creation request received. User: jammy, Role: admin
2025-07-16 13:24:14.399 | INFO     | app.rooms.router:create_room:58 - Room creation request received. User: jammy, Role: admin
2025-07-16 13:24:14.400 | INFO     | app.rooms.router:create_room:76 - Creating a new room: A3
2025-07-16 13:24:14.400 | INFO     | app.rooms.router:create_room:76 - Creating a new room: A3
2025-07-16 13:24:14.400 | INFO     | app.rooms.router:create_room:76 - Creating a new room: A3
2025-07-16 13:24:14.400 | INFO     | app.rooms.router:create_room:76 - Creating a new room: A3
2025-07-16 13:24:14.400 | INFO     | app.rooms.router:create_room:76 - Creating a new room: A3
2025-07-16 13:24:19.297 | INFO     | app.rooms.router:create_room:58 - Room creation request received. User: jammy, Role: admin
2025-07-16 13:24:19.297 | INFO     | app.rooms.router:create_room:58 - Room creation request received. User: jammy, Role: admin
2025-07-16 13:24:19.297 | INFO     | app.rooms.router:create_room:58 - Room creation request received. User: jammy, Role: admin
2025-07-16 13:24:19.297 | INFO     | app.rooms.router:create_room:58 - Room creation request received. User: jammy, Role: admin
2025-07-16 13:24:19.297 | INFO     | app.rooms.router:create_room:58 - Room creation request received. User: jammy, Role: admin
2025-07-16 13:24:19.300 | INFO     | app.rooms.router:create_room:76 - Creating a new room: A4
2025-07-16 13:24:19.300 | INFO     | app.rooms.router:create_room:76 - Creating a new room: A4
2025-07-16 13:24:19.300 | INFO     | app.rooms.router:create_room:76 - Creating a new room: A4
2025-07-16 13:24:19.300 | INFO     | app.rooms.router:create_room:76 - Creating a new room: A4
2025-07-16 13:24:19.300 | INFO     | app.rooms.router:create_room:76 - Creating a new room: A4
2025-07-16 13:24:23.878 | INFO     | app.rooms.router:create_room:58 - Room creation request received. User: jammy, Role: admin
2025-07-16 13:24:23.878 | INFO     | app.rooms.router:create_room:58 - Room creation request received. User: jammy, Role: admin
2025-07-16 13:24:23.878 | INFO     | app.rooms.router:create_room:58 - Room creation request received. User: jammy, Role: admin
2025-07-16 13:24:23.878 | INFO     | app.rooms.router:create_room:58 - Room creation request received. User: jammy, Role: admin
2025-07-16 13:24:23.878 | INFO     | app.rooms.router:create_room:58 - Room creation request received. User: jammy, Role: admin
2025-07-16 13:24:23.879 | INFO     | app.rooms.router:create_room:76 - Creating a new room: A5
2025-07-16 13:24:23.879 | INFO     | app.rooms.router:create_room:76 - Creating a new room: A5
2025-07-16 13:24:23.879 | INFO     | app.rooms.router:create_room:76 - Creating a new room: A5
2025-07-16 13:24:23.879 | INFO     | app.rooms.router:create_room:76 - Creating a new room: A5
2025-07-16 13:24:23.879 | INFO     | app.rooms.router:create_room:76 - Creating a new room: A5
2025-07-16 13:34:48.564 | INFO     | app.users.router:login:66 - ✅ User authenticated: jammy
2025-07-16 13:34:48.564 | INFO     | app.users.router:login:66 - ✅ User authenticated: jammy
2025-07-16 13:34:48.564 | INFO     | app.users.router:login:66 - ✅ User authenticated: jammy
2025-07-16 13:34:48.564 | INFO     | app.users.router:login:66 - ✅ User authenticated: jammy
2025-07-16 13:34:48.564 | INFO     | app.users.router:login:66 - ✅ User authenticated: jammy
2025-07-16 13:46:34.578 | ERROR    | app.payments.router:list_outstanding_bookings:673 - Error in list_outstanding_bookings: 404: No outstanding bookings found.
2025-07-16 13:46:34.578 | ERROR    | app.payments.router:list_outstanding_bookings:673 - Error in list_outstanding_bookings: 404: No outstanding bookings found.
2025-07-16 13:46:34.578 | ERROR    | app.payments.router:list_outstanding_bookings:673 - Error in list_outstanding_bookings: 404: No outstanding bookings found.
2025-07-16 13:46:34.578 | ERROR    | app.payments.router:list_outstanding_bookings:673 - Error in list_outstanding_bookings: 404: No outstanding bookings found.
2025-07-16 13:46:34.578 | ERROR    | app.payments.router:list_outstanding_bookings:673 - Error in list_outstanding_bookings: 404: No outstanding bookings found.
2025-07-29 21:35:43.736 | INFO     | app.users.router:login:66 - ✅ User authenticated: adminjoy
2025-07-29 21:35:43.736 | INFO     | app.users.router:login:66 - ✅ User authenticated: adminjoy
2025-07-29 21:35:43.736 | INFO     | app.users.router:login:66 - ✅ User authenticated: adminjoy
2025-07-29 21:35:43.736 | INFO     | app.users.router:login:66 - ✅ User authenticated: adminjoy
2025-07-29 21:35:43.736 | INFO     | app.users.router:login:66 - ✅ User authenticated: adminjoy
2025-07-29 21:42:36.934 | INFO     | app.users.router:login:66 - ✅ User authenticated: adminjoy
2025-07-29 21:42:36.934 | INFO     | app.users.router:login:66 - ✅ User authenticated: adminjoy
2025-07-29 21:42:36.934 | INFO     | app.users.router:login:66 - ✅ User authenticated: adminjoy
2025-07-29 21:42:36.934 | INFO     | app.users.router:login:66 - ✅ User authenticated: adminjoy
2025-07-29 21:42:36.934 | INFO     | app.users.router:login:66 - ✅ User authenticated: adminjoy
2025-07-29 22:06:44.661 | INFO     | app.users.router:login:66 - ✅ User authenticated: adminjoy
2025-07-29 22:06:44.661 | INFO     | app.users.router:login:66 - ✅ User authenticated: adminjoy
2025-07-29 22:06:44.661 | INFO     | app.users.router:login:66 - ✅ User authenticated: adminjoy
2025-07-29 22:06:44.661 | INFO     | app.users.router:login:66 - ✅ User authenticated: adminjoy
2025-07-29 22:06:44.661 | INFO     | app.users.router:login:66 - ✅ User authenticated: adminjoy
2025-07-29 22:30:45.688 | INFO     | app.users.router:login:66 - ✅ User authenticated: adminjoy
2025-07-29 22:30:45.688 | INFO     | app.users.router:login:66 - ✅ User authenticated: adminjoy
2025-07-29 22:30:45.688 | INFO     | app.users.router:login:66 - ✅ User authenticated: adminjoy
2025-07-29 22:30:45.688 | INFO     | app.users.router:login:66 - ✅ User authenticated: adminjoy
2025-07-29 22:30:45.688 | INFO     | app.users.router:login:66 - ✅ User authenticated: adminjoy
2025-07-29 22:31:38.124 | INFO     | app.users.router:login:66 - ✅ User authenticated: adminjoy
2025-07-29 22:31:38.124 | INFO     | app.users.router:login:66 - ✅ User authenticated: adminjoy
2025-07-29 22:31:38.124 | INFO     | app.users.router:login:66 - ✅ User authenticated: adminjoy
2025-07-29 22:31:38.124 | INFO     | app.users.router:login:66 - ✅ User authenticated: adminjoy
2025-07-29 22:31:38.124 | INFO     | app.users.router:login:66 - ✅ User authenticated: adminjoy
2025-07-29 22:32:43.872 | INFO     | app.payments.router:list_payments:276 - Retrieved 3 payments.
2025-07-29 22:32:43.872 | INFO     | app.payments.router:list_payments:276 - Retrieved 3 payments.
2025-07-29 22:32:43.872 | INFO     | app.payments.router:list_payments:276 - Retrieved 3 payments.
2025-07-29 22:32:43.872 | INFO     | app.payments.router:list_payments:276 - Retrieved 3 payments.
2025-07-29 22:32:43.872 | INFO     | app.payments.router:list_payments:276 - Retrieved 3 payments.
2025-07-29 22:39:08.773 | INFO     | app.users.router:list_all_users:83 - Fetching list of users
2025-07-29 22:39:08.773 | INFO     | app.users.router:list_all_users:83 - Fetching list of users
2025-07-29 22:39:08.773 | INFO     | app.users.router:list_all_users:83 - Fetching list of users
2025-07-29 22:39:08.773 | INFO     | app.users.router:list_all_users:83 - Fetching list of users
2025-07-29 22:39:08.773 | INFO     | app.users.router:list_all_users:83 - Fetching list of users
2025-07-29 22:42:26.372 | INFO     | app.users.router:list_all_users:83 - Fetching list of users
2025-07-29 22:42:26.372 | INFO     | app.users.router:list_all_users:83 - Fetching list of users
2025-07-29 22:42:26.372 | INFO     | app.users.router:list_all_users:83 - Fetching list of users
2025-07-29 22:42:26.372 | INFO     | app.users.router:list_all_users:83 - Fetching list of users
2025-07-29 22:42:26.372 | INFO     | app.users.router:list_all_users:83 - Fetching list of users
2025-07-29 22:42:52.800 | INFO     | app.users.router:login:66 - ✅ User authenticated: adminjoy
2025-07-29 22:42:52.800 | INFO     | app.users.router:login:66 - ✅ User authenticated: adminjoy
2025-07-29 22:42:52.800 | INFO     | app.users.router:login:66 - ✅ User authenticated: adminjoy
2025-07-29 22:42:52.800 | INFO     | app.users.router:login:66 - ✅ User authenticated: adminjoy
2025-07-29 22:42:52.800 | INFO     | app.users.router:login:66 - ✅ User authenticated: adminjoy
2025-07-29 22:52:46.817 | INFO     | app.users.router:login:66 - ✅ User authenticated: adminjoy
2025-07-29 22:52:46.817 | INFO     | app.users.router:login:66 - ✅ User authenticated: adminjoy
2025-07-29 22:52:46.817 | INFO     | app.users.router:login:66 - ✅ User authenticated: adminjoy
2025-07-29 22:52:46.817 | INFO     | app.users.router:login:66 - ✅ User authenticated: adminjoy
2025-07-29 22:52:46.817 | INFO     | app.users.router:login:66 - ✅ User authenticated: adminjoy
2025-07-29 23:07:34.006 | INFO     | app.users.router:login:66 - ✅ User authenticated: adminjoy
2025-07-29 23:07:34.006 | INFO     | app.users.router:login:66 - ✅ User authenticated: adminjoy
2025-07-29 23:07:34.006 | INFO     | app.users.router:login:66 - ✅ User authenticated: adminjoy
2025-07-29 23:07:34.006 | INFO     | app.users.router:login:66 - ✅ User authenticated: adminjoy
2025-07-29 23:07:34.006 | INFO     | app.users.router:login:66 - ✅ User authenticated: adminjoy
2025-07-30 14:39:55.669 | INFO     | app.users.router:login:66 - ✅ User authenticated: adminjoy
2025-07-30 14:39:55.669 | INFO     | app.users.router:login:66 - ✅ User authenticated: adminjoy
2025-07-30 14:39:55.669 | INFO     | app.users.router:login:66 - ✅ User authenticated: adminjoy
2025-07-30 14:39:55.669 | INFO     | app.users.router:login:66 - ✅ User authenticated: adminjoy
2025-07-30 14:39:55.669 | INFO     | app.users.router:login:66 - ✅ User authenticated: adminjoy
2025-07-30 15:43:27.915 | INFO     | app.users.router:login:66 - ✅ User authenticated: adminjoy
2025-07-30 15:43:27.915 | INFO     | app.users.router:login:66 - ✅ User authenticated: adminjoy
2025-07-30 15:43:27.915 | INFO     | app.users.router:login:66 - ✅ User authenticated: adminjoy
2025-07-30 15:43:27.915 | INFO     | app.users.router:login:66 - ✅ User authenticated: adminjoy
2025-07-30 15:43:27.915 | INFO     | app.users.router:login:66 - ✅ User authenticated: adminjoy
2025-07-30 16:12:25.363 | INFO     | app.users.router:login:66 - ✅ User authenticated: adminjoy
2025-07-30 16:12:25.363 | INFO     | app.users.router:login:66 - ✅ User authenticated: adminjoy
2025-07-30 16:12:25.363 | INFO     | app.users.router:login:66 - ✅ User authenticated: adminjoy
2025-07-30 16:12:25.363 | INFO     | app.users.router:login:66 - ✅ User authenticated: adminjoy
2025-07-30 16:12:25.363 | INFO     | app.users.router:login:66 - ✅ User authenticated: adminjoy
2025-07-30 16:16:00.998 | INFO     | app.users.router:login:66 - ✅ User authenticated: adminjoy
2025-07-30 16:16:00.998 | INFO     | app.users.router:login:66 - ✅ User authenticated: adminjoy
2025-07-30 16:16:00.998 | INFO     | app.users.router:login:66 - ✅ User authenticated: adminjoy
2025-07-30 16:16:00.998 | INFO     | app.users.router:login:66 - ✅ User authenticated: adminjoy
2025-07-30 16:16:00.998 | INFO     | app.users.router:login:66 - ✅ User authenticated: adminjoy
2025-07-30 16:31:01.352 | WARNING  | app.users.router:login:60 - Authentication denied for username: adminjoy
2025-07-30 16:31:01.352 | WARNING  | app.users.router:login:60 - Authentication denied for username: adminjoy
2025-07-30 16:31:01.352 | WARNING  | app.users.router:login:60 - Authentication denied for username: adminjoy
2025-07-30 16:31:01.352 | WARNING  | app.users.router:login:60 - Authentication denied for username: adminjoy
2025-07-30 16:31:01.352 | WARNING  | app.users.router:login:60 - Authentication denied for username: adminjoy
2025-07-30 16:31:18.158 | INFO     | app.users.router:login:66 - ✅ User authenticated: adminjoy
2025-07-30 16:31:18.158 | INFO     | app.users.router:login:66 - ✅ User authenticated: adminjoy
2025-07-30 16:31:18.158 | INFO     | app.users.router:login:66 - ✅ User authenticated: adminjoy
2025-07-30 16:31:18.158 | INFO     | app.users.router:login:66 - ✅ User authenticated: adminjoy
2025-07-30 16:31:18.158 | INFO     | app.users.router:login:66 - ✅ User authenticated: adminjoy
2025-07-30 22:01:31.965 | INFO     | app.users.router:login:66 - ✅ User authenticated: adminjoy
2025-07-30 22:01:31.965 | INFO     | app.users.router:login:66 - ✅ User authenticated: adminjoy
2025-07-30 22:01:31.965 | INFO     | app.users.router:login:66 - ✅ User authenticated: adminjoy
2025-07-30 22:01:31.965 | INFO     | app.users.router:login:66 - ✅ User authenticated: adminjoy
2025-07-30 22:01:31.965 | INFO     | app.users.router:login:66 - ✅ User authenticated: adminjoy
2025-07-30 22:29:47.781 | INFO     | app.users.router:login:66 - ✅ User authenticated: adminjoy
2025-07-30 22:29:47.781 | INFO     | app.users.router:login:66 - ✅ User authenticated: adminjoy
2025-07-30 22:29:47.781 | INFO     | app.users.router:login:66 - ✅ User authenticated: adminjoy
2025-07-30 22:29:47.781 | INFO     | app.users.router:login:66 - ✅ User authenticated: adminjoy
2025-07-30 22:29:47.781 | INFO     | app.users.router:login:66 - ✅ User authenticated: adminjoy
2025-07-30 23:47:40.446 | INFO     | app.users.router:login:66 - ✅ User authenticated: adminjoy
2025-07-30 23:47:40.446 | INFO     | app.users.router:login:66 - ✅ User authenticated: adminjoy
2025-07-30 23:47:40.446 | INFO     | app.users.router:login:66 - ✅ User authenticated: adminjoy
2025-07-30 23:47:40.446 | INFO     | app.users.router:login:66 - ✅ User authenticated: adminjoy
2025-07-30 23:47:40.446 | INFO     | app.users.router:login:66 - ✅ User authenticated: adminjoy
2025-07-30 23:48:40.278 | INFO     | app.payments.router:list_payments:276 - Retrieved 7 payments.
2025-07-30 23:48:40.278 | INFO     | app.payments.router:list_payments:276 - Retrieved 7 payments.
2025-07-30 23:48:40.278 | INFO     | app.payments.router:list_payments:276 - Retrieved 7 payments.
2025-07-30 23:48:40.278 | INFO     | app.payments.router:list_payments:276 - Retrieved 7 payments.
2025-07-30 23:48:40.278 | INFO     | app.payments.router:list_payments:276 - Retrieved 7 payments.
2025-07-30 23:48:51.238 | INFO     | app.users.router:list_all_users:83 - Fetching list of users
2025-07-30 23:48:51.238 | INFO     | app.users.router:list_all_users:83 - Fetching list of users
2025-07-30 23:48:51.238 | INFO     | app.users.router:list_all_users:83 - Fetching list of users
2025-07-30 23:48:51.238 | INFO     | app.users.router:list_all_users:83 - Fetching list of users
2025-07-30 23:48:51.238 | INFO     | app.users.router:list_all_users:83 - Fetching list of users
2025-08-09 20:56:06.720 | INFO     | app.users.router:login:66 - ✅ User authenticated: adminjoy
2025-08-09 20:56:06.720 | INFO     | app.users.router:login:66 - ✅ User authenticated: adminjoy
2025-08-09 20:56:06.720 | INFO     | app.users.router:login:66 - ✅ User authenticated: adminjoy
2025-08-09 20:56:06.720 | INFO     | app.users.router:login:66 - ✅ User authenticated: adminjoy
2025-08-09 20:56:06.720 | INFO     | app.users.router:login:66 - ✅ User authenticated: adminjoy
2025-08-09 22:25:07.548 | INFO     | app.users.router:login:66 - ✅ User authenticated: adminjoy
2025-08-09 22:25:07.548 | INFO     | app.users.router:login:66 - ✅ User authenticated: adminjoy
2025-08-09 22:25:07.548 | INFO     | app.users.router:login:66 - ✅ User authenticated: adminjoy
2025-08-09 22:25:07.548 | INFO     | app.users.router:login:66 - ✅ User authenticated: adminjoy
2025-08-09 22:25:07.548 | INFO     | app.users.router:login:66 - ✅ User authenticated: adminjoy
2025-08-09 22:27:12.876 | INFO     | app.users.router:list_all_users:83 - Fetching list of users
2025-08-09 22:27:12.876 | INFO     | app.users.router:list_all_users:83 - Fetching list of users
2025-08-09 22:27:12.876 | INFO     | app.users.router:list_all_users:83 - Fetching list of users
2025-08-09 22:27:12.876 | INFO     | app.users.router:list_all_users:83 - Fetching list of users
2025-08-09 22:27:12.876 | INFO     | app.users.router:list_all_users:83 - Fetching list of users
2025-08-10 00:11:53.486 | WARNING  | app.users.router:login:60 - Authentication denied for username: adminjoy
2025-08-10 00:11:53.486 | WARNING  | app.users.router:login:60 - Authentication denied for username: adminjoy
2025-08-10 00:11:53.486 | WARNING  | app.users.router:login:60 - Authentication denied for username: adminjoy
2025-08-10 00:11:53.486 | WARNING  | app.users.router:login:60 - Authentication denied for username: adminjoy
2025-08-10 00:11:53.486 | WARNING  | app.users.router:login:60 - Authentication denied for username: adminjoy
2025-08-10 00:12:03.309 | INFO     | app.users.router:login:66 - ✅ User authenticated: adminjoy
2025-08-10 00:12:03.309 | INFO     | app.users.router:login:66 - ✅ User authenticated: adminjoy
2025-08-10 00:12:03.309 | INFO     | app.users.router:login:66 - ✅ User authenticated: adminjoy
2025-08-10 00:12:03.309 | INFO     | app.users.router:login:66 - ✅ User authenticated: adminjoy
2025-08-10 00:12:03.309 | INFO     | app.users.router:login:66 - ✅ User authenticated: adminjoy
2025-08-11 09:36:34.093 | INFO     | app.users.router:login:66 - ✅ User authenticated: adminjoy
2025-08-11 09:36:34.093 | INFO     | app.users.router:login:66 - ✅ User authenticated: adminjoy
2025-08-11 09:36:34.093 | INFO     | app.users.router:login:66 - ✅ User authenticated: adminjoy
2025-08-11 09:36:34.093 | INFO     | app.users.router:login:66 - ✅ User authenticated: adminjoy
2025-08-11 09:36:34.093 | INFO     | app.users.router:login:66 - ✅ User authenticated: adminjoy
2025-08-11 10:54:39.027 | INFO     | app.users.router:login:66 - ✅ User authenticated: adminjoy
2025-08-11 10:54:39.027 | INFO     | app.users.router:login:66 - ✅ User authenticated: adminjoy
2025-08-11 10:54:39.027 | INFO     | app.users.router:login:66 - ✅ User authenticated: adminjoy
2025-08-11 10:54:39.027 | INFO     | app.users.router:login:66 - ✅ User authenticated: adminjoy
2025-08-11 10:54:39.027 | INFO     | app.users.router:login:66 - ✅ User authenticated: adminjoy
2025-08-12 21:10:50.365 | INFO     | app.users.router:login:66 - ✅ User authenticated: adminjoy
2025-08-12 21:10:50.365 | INFO     | app.users.router:login:66 - ✅ User authenticated: adminjoy
2025-08-12 21:10:50.365 | INFO     | app.users.router:login:66 - ✅ User authenticated: adminjoy
2025-08-12 21:10:50.365 | INFO     | app.users.router:login:66 - ✅ User authenticated: adminjoy
2025-08-12 21:10:50.365 | INFO     | app.users.router:login:66 - ✅ User authenticated: adminjoy
2025-08-12 21:12:18.587 | INFO     | app.users.router:login:66 - ✅ User authenticated: adminjoy
2025-08-12 21:12:18.587 | INFO     | app.users.router:login:66 - ✅ User authenticated: adminjoy
2025-08-12 21:12:18.587 | INFO     | app.users.router:login:66 - ✅ User authenticated: adminjoy
2025-08-12 21:12:18.587 | INFO     | app.users.router:login:66 - ✅ User authenticated: adminjoy
2025-08-12 21:12:18.587 | INFO     | app.users.router:login:66 - ✅ User authenticated: adminjoy
2025-08-12 21:13:08.159 | INFO     | app.users.router:login:66 - ✅ User authenticated: adminjoy
2025-08-12 21:13:08.159 | INFO     | app.users.router:login:66 - ✅ User authenticated: adminjoy
2025-08-12 21:13:08.159 | INFO     | app.users.router:login:66 - ✅ User authenticated: adminjoy
2025-08-12 21:13:08.159 | INFO     | app.users.router:login:66 - ✅ User authenticated: adminjoy
2025-08-12 21:13:08.159 | INFO     | app.users.router:login:66 - ✅ User authenticated: adminjoy
2025-08-12 21:14:54.006 | INFO     | app.users.router:login:66 - ✅ User authenticated: adminjoy
2025-08-12 21:14:54.006 | INFO     | app.users.router:login:66 - ✅ User authenticated: adminjoy
2025-08-12 21:14:54.006 | INFO     | app.users.router:login:66 - ✅ User authenticated: adminjoy
2025-08-12 21:14:54.006 | INFO     | app.users.router:login:66 - ✅ User authenticated: adminjoy
2025-08-12 21:14:54.006 | INFO     | app.users.router:login:66 - ✅ User authenticated: adminjoy
2025-08-12 21:41:47.997 | WARNING  | app.users.router:login:60 - Authentication denied for username: adminjoy
2025-08-12 21:41:47.997 | WARNING  | app.users.router:login:60 - Authentication denied for username: adminjoy
2025-08-12 21:41:47.997 | WARNING  | app.users.router:login:60 - Authentication denied for username: adminjoy
2025-08-12 21:41:47.997 | WARNING  | app.users.router:login:60 - Authentication denied for username: adminjoy
2025-08-12 21:41:47.997 | WARNING  | app.users.router:login:60 - Authentication denied for username: adminjoy
2025-08-12 21:41:58.831 | WARNING  | app.users.router:login:60 - Authentication denied for username: adminjoy
2025-08-12 21:41:58.831 | WARNING  | app.users.router:login:60 - Authentication denied for username: adminjoy
2025-08-12 21:41:58.831 | WARNING  | app.users.router:login:60 - Authentication denied for username: adminjoy
2025-08-12 21:41:58.831 | WARNING  | app.users.router:login:60 - Authentication denied for username: adminjoy
2025-08-12 21:41:58.831 | WARNING  | app.users.router:login:60 - Authentication denied for username: adminjoy
2025-08-12 21:42:00.859 | WARNING  | app.users.router:login:60 - Authentication denied for username: adminjoy
2025-08-12 21:42:00.859 | WARNING  | app.users.router:login:60 - Authentication denied for username: adminjoy
2025-08-12 21:42:00.859 | WARNING  | app.users.router:login:60 - Authentication denied for username: adminjoy
2025-08-12 21:42:00.859 | WARNING  | app.users.router:login:60 - Authentication denied for username: adminjoy
2025-08-12 21:42:00.859 | WARNING  | app.users.router:login:60 - Authentication denied for username: adminjoy
2025-08-12 21:43:11.871 | WARNING  | app.users.router:login:60 - Authentication denied for username: adminjoy
2025-08-12 21:43:11.871 | WARNING  | app.users.router:login:60 - Authentication denied for username: adminjoy
2025-08-12 21:43:11.871 | WARNING  | app.users.router:login:60 - Authentication denied for username: adminjoy
2025-08-12 21:43:11.871 | WARNING  | app.users.router:login:60 - Authentication denied for username: adminjoy
2025-08-12 21:43:11.871 | WARNING  | app.users.router:login:60 - Authentication denied for username: adminjoy
2025-08-12 21:43:51.289 | INFO     | app.users.router:sign_up:31 - creating user.....
2025-08-12 21:43:51.289 | INFO     | app.users.router:sign_up:31 - creating user.....
2025-08-12 21:43:51.289 | INFO     | app.users.router:sign_up:31 - creating user.....
2025-08-12 21:43:51.289 | INFO     | app.users.router:sign_up:31 - creating user.....
2025-08-12 21:43:51.289 | INFO     | app.users.router:sign_up:31 - creating user.....
2025-08-12 21:43:52.121 | INFO     | app.users.router:sign_up:47 - user created successfully: adminjoy
2025-08-12 21:43:52.121 | INFO     | app.users.router:sign_up:47 - user created successfully: adminjoy
2025-08-12 21:43:52.121 | INFO     | app.users.router:sign_up:47 - user created successfully: adminjoy
2025-08-12 21:43:52.121 | INFO     | app.users.router:sign_up:47 - user created successfully: adminjoy
2025-08-12 21:43:52.121 | INFO     | app.users.router:sign_up:47 - user created successfully: adminjoy
2025-08-12 21:44:25.609 | INFO     | app.users.router:login:66 - ✅ User authenticated: adminjoy
2025-08-12 21:44:25.609 | INFO     | app.users.router:login:66 - ✅ User authenticated: adminjoy
2025-08-12 21:44:25.609 | INFO     | app.users.router:login:66 - ✅ User authenticated: adminjoy
2025-08-12 21:44:25.609 | INFO     | app.users.router:login:66 - ✅ User authenticated: adminjoy
2025-08-12 21:44:25.609 | INFO     | app.users.router:login:66 - ✅ User authenticated: adminjoy
2025-08-12 22:05:11.600 | INFO     | app.users.router:login:66 - ✅ User authenticated: adminjoy
2025-08-12 22:05:11.600 | INFO     | app.users.router:login:66 - ✅ User authenticated: adminjoy
2025-08-12 22:05:11.600 | INFO     | app.users.router:login:66 - ✅ User authenticated: adminjoy
2025-08-12 22:05:11.600 | INFO     | app.users.router:login:66 - ✅ User authenticated: adminjoy
2025-08-12 22:05:11.600 | INFO     | app.users.router:login:66 - ✅ User authenticated: adminjoy
2025-08-12 22:32:42.360 | INFO     | app.users.router:login:66 - ✅ User authenticated: adminjoy
2025-08-12 22:32:42.360 | INFO     | app.users.router:login:66 - ✅ User authenticated: adminjoy
2025-08-12 22:32:42.360 | INFO     | app.users.router:login:66 - ✅ User authenticated: adminjoy
2025-08-12 22:32:42.360 | INFO     | app.users.router:login:66 - ✅ User authenticated: adminjoy
2025-08-12 22:32:42.360 | INFO     | app.users.router:login:66 - ✅ User authenticated: adminjoy
2025-08-12 22:37:39.013 | INFO     | app.users.router:login:66 - ✅ User authenticated: adminjoy
2025-08-12 22:37:39.013 | INFO     | app.users.router:login:66 - ✅ User authenticated: adminjoy
2025-08-12 22:37:39.013 | INFO     | app.users.router:login:66 - ✅ User authenticated: adminjoy
2025-08-12 22:37:39.013 | INFO     | app.users.router:login:66 - ✅ User authenticated: adminjoy
2025-08-12 22:37:39.013 | INFO     | app.users.router:login:66 - ✅ User authenticated: adminjoy
2025-08-12 22:43:32.878 | INFO     | app.users.router:login:66 - ✅ User authenticated: adminjoy
2025-08-12 22:43:32.878 | INFO     | app.users.router:login:66 - ✅ User authenticated: adminjoy
2025-08-12 22:43:32.878 | INFO     | app.users.router:login:66 - ✅ User authenticated: adminjoy
2025-08-12 22:43:32.878 | INFO     | app.users.router:login:66 - ✅ User authenticated: adminjoy
2025-08-12 22:43:32.878 | INFO     | app.users.router:login:66 - ✅ User authenticated: adminjoy
2025-08-12 22:49:44.955 | INFO     | app.users.router:login:66 - ✅ User authenticated: adminjoy
2025-08-12 22:49:44.955 | INFO     | app.users.router:login:66 - ✅ User authenticated: adminjoy
2025-08-12 22:49:44.955 | INFO     | app.users.router:login:66 - ✅ User authenticated: adminjoy
2025-08-12 22:49:44.955 | INFO     | app.users.router:login:66 - ✅ User authenticated: adminjoy
2025-08-12 22:49:44.955 | INFO     | app.users.router:login:66 - ✅ User authenticated: adminjoy
2025-08-12 23:03:33.946 | INFO     | app.users.router:login:66 - ✅ User authenticated: adminjoy
2025-08-12 23:03:33.946 | INFO     | app.users.router:login:66 - ✅ User authenticated: adminjoy
2025-08-12 23:03:33.946 | INFO     | app.users.router:login:66 - ✅ User authenticated: adminjoy
2025-08-12 23:03:33.946 | INFO     | app.users.router:login:66 - ✅ User authenticated: adminjoy
2025-08-12 23:03:33.946 | INFO     | app.users.router:login:66 - ✅ User authenticated: adminjoy
2025-08-12 23:04:46.765 | INFO     | app.users.router:list_all_users:83 - Fetching list of users
2025-08-12 23:04:46.765 | INFO     | app.users.router:list_all_users:83 - Fetching list of users
2025-08-12 23:04:46.765 | INFO     | app.users.router:list_all_users:83 - Fetching list of users
2025-08-12 23:04:46.765 | INFO     | app.users.router:list_all_users:83 - Fetching list of users
2025-08-12 23:04:46.765 | INFO     | app.users.router:list_all_users:83 - Fetching list of users
2025-08-13 16:16:31.641 | INFO     | app.users.router:login:66 - ✅ User authenticated: adminjoy
2025-08-13 16:16:31.641 | INFO     | app.users.router:login:66 - ✅ User authenticated: adminjoy
2025-08-13 16:16:31.641 | INFO     | app.users.router:login:66 - ✅ User authenticated: adminjoy
2025-08-13 16:16:31.641 | INFO     | app.users.router:login:66 - ✅ User authenticated: adminjoy
2025-08-13 16:16:31.641 | INFO     | app.users.router:login:66 - ✅ User authenticated: adminjoy
2025-08-13 17:03:05.622 | INFO     | app.users.router:login:66 - ✅ User authenticated: adminjoy
2025-08-13 17:03:05.622 | INFO     | app.users.router:login:66 - ✅ User authenticated: adminjoy
2025-08-13 17:03:05.622 | INFO     | app.users.router:login:66 - ✅ User authenticated: adminjoy
2025-08-13 17:03:05.622 | INFO     | app.users.router:login:66 - ✅ User authenticated: adminjoy
2025-08-13 17:03:05.622 | INFO     | app.users.router:login:66 - ✅ User authenticated: adminjoy
